============================================================
  Generated by:           Genus(TM) Synthesis Solution 21.14-s082_1
  Generated on:           Jun 27 2026  05:50:13 pm
  Module:                 riscv_top
  Operating conditions:   PVT_1P1V_0C (balanced_tree)
  Wireload mode:          enclosed
  Area mode:              timing library
============================================================

Timing
--------

Clock Period 
-------------
clock 5000.0 


         Cost           Critical         Violating 
        Group          Path Slack  TNS     Paths   
---------------------------------------------------
cg_enable_group_clock      3727.1   0.0          0 
CLOCK                      2854.6   0.0          0 
clock                    No paths   0.0            
COMBO                      1889.5   0.0          0 
default                  No paths   0.0            
INPUTS                     2228.8   0.0          0 
OUTPUTS                    2515.3   0.0          0 
---------------------------------------------------
Total                               0.0          0 

Instance Count
--------------
Leaf Instance Count             4892 
Physical Instance count            0 
Sequential Instance Count       1055 
Combinational Instance Count    3837 
Hierarchical Instance Count       31 

Area
----
Cell Area                          13331.160
Physical Cell Area                 0.000
Total Cell Area (Cell+Physical)    13331.160
Net Area                           0.000
Total Area (Cell+Physical+Net)     13331.160

Power
-----
Leakage Power                      638.346 nW
Dynamic Power                      84461.625 nW
Total Power                        85099.971 nW

Number of Clock Gating Logic       31
Max Fanout                         63 (clk)
Min Fanout                         0 (n_2120)
Average Fanout                     2.9
Terms to net ratio                 3.9000
Terms to instance ratio            4.0029
Runtime                            273.3510980000002 seconds
Elapsed Runtime                    311 seconds
Genus peak memory usage            1842.21 
Innovus peak memory usage          no_value 
Hostname                           localhost
