============================================================
  Generated by:           Genus(TM) Synthesis Solution 21.14-s082_1
  Generated on:           Jul 19 2026  11:16:05 am
  Module:                 riscv_top
  Operating conditions:   PVT_1P1V_0C 
  Interconnect mode:      spatial
  Area mode:              physical library
============================================================

Timing
--------

Clock Period 
-------------
clock 5000.0 


         Cost           Critical         Violating 
        Group          Path Slack  TNS     Paths   
---------------------------------------------------
cg_enable_group_clock      3860.2   0.0          0 
CLOCK                      2963.1   0.0          0 
clock                    No paths   0.0            
COMBO                      1918.6   0.0          0 
default                  No paths   0.0            
INPUTS                     2297.4   0.0          0 
OUTPUTS                    2584.3   0.0          0 
---------------------------------------------------
Total                               0.0          0 

Instance Count
--------------
Leaf Instance Count             4768 
Physical Instance count            0 
Sequential Instance Count       1055 
Combinational Instance Count    3713 
Hierarchical Instance Count       31 

Area
----
Cell Area                          3245.751
Physical Cell Area                 0.000
Total Cell Area (Cell+Physical)    3245.751
Net Area                           836.675
Total Area (Cell+Physical+Net)     4082.426

Floorplan Utilization              62.42%
Max Fanout                         63 (clk)
Min Fanout                         0 (n_2064)
Average Fanout                     2.8
Terms to net ratio                 3.7870
Terms to instance ratio            3.9117
Runtime                            305.79994300000004 seconds
Elapsed Runtime                    348 seconds
Genus peak memory usage            1941.49 
Innovus peak memory usage          1947.433594 
Hostname                           localhost
