============================================================
  Generated by:           Genus(TM) Synthesis Solution 21.14-s082_1
  Generated on:           Jul 12 2026  11:37:17 am
  Module:                 riscv_top
  Operating conditions:   PVT_1P1V_0C 
  Interconnect mode:      spatial
  Area mode:              physical library
============================================================


Path 1: MET (1890 ps) Late External Delay Assertion at pin dmem_addr[31]
          Group: COMBO
     Startpoint: (R) instr[0]
          Clock: (R) clock
       Endpoint: (F) dmem_addr[31]
          Clock: (R) clock

                     Capture       Launch     
        Clock Edge:+    5000            0     
        Drv Adjust:+       0            0     
       Src Latency:+     250          250     
       Net Latency:+     250 (I)      250 (I) 
           Arrival:=    5500          500     
                                              
      Output Delay:-     500                  
       Uncertainty:-     100                  
     Required Time:=    4900                  
      Launch Clock:-     500                  
       Input Delay:-     500                  
         Data Path:-    2010                  
             Slack:=    1890                  

Exceptions/Constraints:
  input_delay              500             constraints.sdc_line_58_32_1 
  output_delay             500             constraints.sdc_line_59_96_1 

#--------------------------------------------------------------------------------------------------------------------------------------------------------
#                                 Timing Point                                   Flags    Arc   Edge   Cell     Fanout Load Trans Delay Arrival Instance 
#                                                                                                                      (fF)  (ps)  (ps)   (ps)  Location 
#--------------------------------------------------------------------------------------------------------------------------------------------------------
  instr[0]                                                                       -       -      R     (arrival)      1  0.6     0     0    1000    (-,-) 
  g75536/Y                                                                       -       A->Y   F     NAND2X1        3  1.5    24    19    1019    (-,-) 
  g75522/Y                                                                       -       B->Y   R     NOR2X1         5  2.8    44    34    1053    (-,-) 
  g75512/Y                                                                       -       B->Y   F     NAND2X1        8  3.1    49    42    1095    (-,-) 
  g75502/Y                                                                       -       AN->Y  F     NAND3BXL       2  0.8    37    42    1137    (-,-) 
  g75498/Y                                                                       -       A->Y   R     INVXL          1  0.6    14    19    1156    (-,-) 
  g75477/Y                                                                       -       B->Y   F     NAND2X1        2  0.9    18    17    1174    (-,-) 
  g75410/Y                                                                       -       B->Y   R     NOR2X1         2  1.2    23    21    1194    (-,-) 
  g75351/Y                                                                       -       B->Y   F     NAND2X1        4  2.0    33    28    1222    (-,-) 
  g75069/Y                                                                       -       B->Y   R     NOR2X1        14  7.8   109    73    1295    (-,-) 
  g74608/Y                                                                       -       A1->Y  F     AOI22X1        1  0.3    37    55    1349    (-,-) 
  g74151__2346/Y                                                                 -       D->Y   R     NAND4XL        1  0.4    20    20    1370    (-,-) 
  g74063__6161/Y                                                                 -       C0->Y  F     AOI211XL       1  0.3    24    13    1383    (-,-) 
  g74001__7098/Y                                                                 -       D->Y   R     NAND4XL        1  0.6    21    17    1400    (-,-) 
  g73987__5477/Y                                                                 -       B0->Y  F     AOI21X1        1  0.5    24    13    1413    (-,-) 
  g73936__8428/Y                                                                 -       C->Y   R     NAND3X1        7  3.0    34    24    1437    (-,-) 
  g73881__6783/Y                                                                 -       A1->Y  R     AO21XL         1  0.7    12    33    1470    (-,-) 
  u_alu_add_53_36_Y_u_alu_add_29_37_Y_u_alu_add_18_37_Y_u_alu_sub_19_37_g3235/Y  -       B->Y   F     XNOR2X1        1  0.8    10    32    1502    (-,-) 
  u_alu_add_53_36_Y_u_alu_add_29_37_Y_u_alu_add_18_37_Y_u_alu_sub_19_37_g3218/CO -       CI->CO F     ADDFX1         1  0.8    13    43    1545    (-,-) 
  u_alu_add_53_36_Y_u_alu_add_29_37_Y_u_alu_add_18_37_Y_u_alu_sub_19_37_g3217/CO -       CI->CO F     ADDFX1         1  0.8    12    44    1589    (-,-) 
  u_alu_add_53_36_Y_u_alu_add_29_37_Y_u_alu_add_18_37_Y_u_alu_sub_19_37_g3216/CO -       CI->CO F     ADDFX1         1  0.8    12    44    1632    (-,-) 
  u_alu_add_53_36_Y_u_alu_add_29_37_Y_u_alu_add_18_37_Y_u_alu_sub_19_37_g3215/CO -       CI->CO F     ADDFX1         1  0.8    12    44    1676    (-,-) 
  u_alu_add_53_36_Y_u_alu_add_29_37_Y_u_alu_add_18_37_Y_u_alu_sub_19_37_g3214/CO -       CI->CO F     ADDFX1         1  0.8    12    44    1720    (-,-) 
  u_alu_add_53_36_Y_u_alu_add_29_37_Y_u_alu_add_18_37_Y_u_alu_sub_19_37_g3213/CO -       CI->CO F     ADDFX1         1  0.8    12    44    1764    (-,-) 
  u_alu_add_53_36_Y_u_alu_add_29_37_Y_u_alu_add_18_37_Y_u_alu_sub_19_37_g3212/CO -       CI->CO F     ADDFX1         1  0.8    12    44    1808    (-,-) 
  u_alu_add_53_36_Y_u_alu_add_29_37_Y_u_alu_add_18_37_Y_u_alu_sub_19_37_g3211/CO -       CI->CO F     ADDFX1         1  0.8    12    44    1851    (-,-) 
  u_alu_add_53_36_Y_u_alu_add_29_37_Y_u_alu_add_18_37_Y_u_alu_sub_19_37_g3210/CO -       CI->CO F     ADDFX1         1  0.8    12    44    1895    (-,-) 
  u_alu_add_53_36_Y_u_alu_add_29_37_Y_u_alu_add_18_37_Y_u_alu_sub_19_37_g3209/CO -       CI->CO F     ADDFX1         1  0.8    12    44    1939    (-,-) 
  u_alu_add_53_36_Y_u_alu_add_29_37_Y_u_alu_add_18_37_Y_u_alu_sub_19_37_g3208/CO -       CI->CO F     ADDFX1         1  0.8    12    44    1983    (-,-) 
  u_alu_add_53_36_Y_u_alu_add_29_37_Y_u_alu_add_18_37_Y_u_alu_sub_19_37_g3207/CO -       CI->CO F     ADDFX1         1  0.8    12    44    2027    (-,-) 
  u_alu_add_53_36_Y_u_alu_add_29_37_Y_u_alu_add_18_37_Y_u_alu_sub_19_37_g3206/CO -       CI->CO F     ADDFX1         1  0.8    12    44    2070    (-,-) 
  u_alu_add_53_36_Y_u_alu_add_29_37_Y_u_alu_add_18_37_Y_u_alu_sub_19_37_g3205/CO -       CI->CO F     ADDFX1         1  0.8    12    44    2114    (-,-) 
  u_alu_add_53_36_Y_u_alu_add_29_37_Y_u_alu_add_18_37_Y_u_alu_sub_19_37_g3204/CO -       CI->CO F     ADDFX1         1  0.8    12    44    2158    (-,-) 
  u_alu_add_53_36_Y_u_alu_add_29_37_Y_u_alu_add_18_37_Y_u_alu_sub_19_37_g3203/CO -       CI->CO F     ADDFX1         1  0.8    12    44    2202    (-,-) 
  u_alu_add_53_36_Y_u_alu_add_29_37_Y_u_alu_add_18_37_Y_u_alu_sub_19_37_g3202/CO -       CI->CO F     ADDFX1         1  0.8    12    44    2246    (-,-) 
  u_alu_add_53_36_Y_u_alu_add_29_37_Y_u_alu_add_18_37_Y_u_alu_sub_19_37_g3201/CO -       CI->CO F     ADDFX1         1  0.8    12    44    2289    (-,-) 
  u_alu_add_53_36_Y_u_alu_add_29_37_Y_u_alu_add_18_37_Y_u_alu_sub_19_37_g3200/CO -       CI->CO F     ADDFX1         1  0.8    12    44    2333    (-,-) 
  u_alu_add_53_36_Y_u_alu_add_29_37_Y_u_alu_add_18_37_Y_u_alu_sub_19_37_g3199/CO -       CI->CO F     ADDFX1         1  0.8    12    44    2377    (-,-) 
  u_alu_add_53_36_Y_u_alu_add_29_37_Y_u_alu_add_18_37_Y_u_alu_sub_19_37_g3198/CO -       CI->CO F     ADDFX1         1  0.8    12    44    2421    (-,-) 
  u_alu_add_53_36_Y_u_alu_add_29_37_Y_u_alu_add_18_37_Y_u_alu_sub_19_37_g3197/CO -       CI->CO F     ADDFX1         1  0.8    12    44    2465    (-,-) 
  u_alu_add_53_36_Y_u_alu_add_29_37_Y_u_alu_add_18_37_Y_u_alu_sub_19_37_g3196/CO -       CI->CO F     ADDFX1         1  0.8    12    44    2508    (-,-) 
  u_alu_add_53_36_Y_u_alu_add_29_37_Y_u_alu_add_18_37_Y_u_alu_sub_19_37_g3195/CO -       CI->CO F     ADDFX1         1  0.8    12    44    2552    (-,-) 
  u_alu_add_53_36_Y_u_alu_add_29_37_Y_u_alu_add_18_37_Y_u_alu_sub_19_37_g3194/CO -       CI->CO F     ADDFX1         1  0.8    12    44    2596    (-,-) 
  u_alu_add_53_36_Y_u_alu_add_29_37_Y_u_alu_add_18_37_Y_u_alu_sub_19_37_g3193/CO -       CI->CO F     ADDFX1         1  0.8    12    44    2640    (-,-) 
  u_alu_add_53_36_Y_u_alu_add_29_37_Y_u_alu_add_18_37_Y_u_alu_sub_19_37_g3192/CO -       CI->CO F     ADDFX1         1  0.8    12    44    2684    (-,-) 
  u_alu_add_53_36_Y_u_alu_add_29_37_Y_u_alu_add_18_37_Y_u_alu_sub_19_37_g3191/CO -       CI->CO F     ADDFX1         1  0.8    12    44    2727    (-,-) 
  u_alu_add_53_36_Y_u_alu_add_29_37_Y_u_alu_add_18_37_Y_u_alu_sub_19_37_g3190/CO -       CI->CO F     ADDFX1         1  0.8    12    44    2771    (-,-) 
  u_alu_add_53_36_Y_u_alu_add_29_37_Y_u_alu_add_18_37_Y_u_alu_sub_19_37_g3189/CO -       CI->CO F     ADDFX1         1  0.8    12    44    2815    (-,-) 
  u_alu_add_53_36_Y_u_alu_add_29_37_Y_u_alu_add_18_37_Y_u_alu_sub_19_37_g3188/CO -       CI->CO F     ADDFX1         1  0.6    11    43    2858    (-,-) 
  u_alu_add_53_36_Y_u_alu_add_29_37_Y_u_alu_add_18_37_Y_u_alu_sub_19_37_g3187/Y  -       B->Y   F     XNOR2X1        1  0.5     8    31    2889    (-,-) 
  g46513__2346/Y                                                                 -       A1->Y  R     AOI22X1        1  0.6    27    22    2911    (-,-) 
  g46478__5115/Y                                                                 -       C0->Y  F     OAI211X1       1  0.5    32    31    2942    (-,-) 
  g46441__3680/Y                                                                 -       C0->Y  R     AOI221X1       1  0.4    34    32    2974    (-,-) 
  g46399__9945/Y                                                                 -       D->Y   F     NAND4XL        2  0.5    44    37    3010    (-,-) 
  dmem_addr[31]                                                                  <<<     -      F     (port)         -    -     -     0    3010    (-,-) 
#--------------------------------------------------------------------------------------------------------------------------------------------------------
