============================================================
  Generated by:           Genus(TM) Synthesis Solution 21.14-s082_1
  Generated on:           Jun 27 2026  05:50:12 pm
  Module:                 riscv_top
  Operating conditions:   PVT_1P1V_0C (balanced_tree)
  Wireload mode:          enclosed
  Area mode:              timing library
============================================================


Path 1: MET (1890 ps) Late External Delay Assertion at pin dmem_addr[31]
          Group: COMBO
     Startpoint: (R) instr[0]
          Clock: (R) clock
       Endpoint: (F) dmem_addr[31]
          Clock: (R) clock

                     Capture       Launch     
        Clock Edge:+    5000            0     
        Drv Adjust:+       0            0     
       Src Latency:+     250          250     
       Net Latency:+     250 (I)      250 (I) 
           Arrival:=    5500          500     
                                              
      Output Delay:-     500                  
       Uncertainty:-     100                  
     Required Time:=    4900                  
      Launch Clock:-     500                  
       Input Delay:-     500                  
         Data Path:-    2010                  
             Slack:=    1890                  

Exceptions/Constraints:
  input_delay              500             constraints.sdc_line_58_32_1 
  output_delay             500             constraints.sdc_line_59_96_1 

#----------------------------------------------------------------------------------------------------------------------------------------------------------
#                                 Timing Point                                  Flags    Arc   Edge     Cell      Fanout Load Trans Delay Arrival Instance 
#                                                                                                                        (fF)  (ps)  (ps)   (ps)  Location 
#----------------------------------------------------------------------------------------------------------------------------------------------------------
  instr[0]                                                                      -       -      R     (arrival)         1  0.3     0     0    1000    (-,-) 
  g65311/Y                                                                      -       A->Y   F     NAND2XL           5  1.2    29    21    1021    (-,-) 
  g65307/Y                                                                      -       B->Y   R     NOR2XLHVT         3  0.8    37    35    1056    (-,-) 
  g65303/Y                                                                      -       A->Y   F     INVXLHVT          5  1.2    25    30    1087    (-,-) 
  g65295/Y                                                                      -       B->Y   R     NOR2XLHVT         3  0.9    40    35    1122    (-,-) 
  g65283/Y                                                                      -       B->Y   F     NAND2XL           4  1.0    30    31    1152    (-,-) 
  g65203/Y                                                                      -       A2->Y  R     OAI31XL           2  0.6    41    35    1188    (-,-) 
  g65134/Y                                                                      -       B->Y   F     NAND2XL           2  0.4    18    25    1212    (-,-) 
  g65108/Y                                                                      -       A->Y   R     INVXLHVT          1  0.3    10    15    1227    (-,-) 
  g65062/Y                                                                      -       B->Y   F     NAND2XL           2  0.4    15    14    1241    (-,-) 
  g64872/Y                                                                      -       A->Y   R     INVXLHVT          1  0.3     9    13    1254    (-,-) 
  g64671/Y                                                                      -       B->Y   F     NAND2XL           4  0.8    22    18    1272    (-,-) 
  g64610__5122/Y                                                                -       B->Y   R     NOR2XLHVT         6  1.8    68    50    1322    (-,-) 
  g64416__6161/Y                                                                -       A1->Y  F     AOI22XL           1  0.3    32    42    1364    (-,-) 
  g63914__9945/Y                                                                -       A->Y   R     NAND4XL           1  0.2    17    22    1386    (-,-) 
  g63827__4733/Y                                                                -       B->Y   F     NOR2XLHVT         1  0.2    10    14    1400    (-,-) 
  g63796__1881/Y                                                                -       B0->Y  R     OAI2BB1XLHVT      1  0.3    12    14    1414    (-,-) 
  g63716__6161/Y                                                                -       C0->Y  F     AOI211XL          1  0.4    33    11    1425    (-,-) 
  g63697__2398/Y                                                                -       C->Y   R     NAND3X1          28  9.4    76    50    1475    (-,-) 
  u_alu_srl_24_37_drc_bufs3114/Y                                                -       A->Y   F     INVXLHVT         13  3.7    69    69    1544    (-,-) 
  g63646__2802/Y                                                                -       A1->Y  R     OAI22XL           1  0.5    40    43    1587    (-,-) 
  u_alu_add_53_36_Y_u_alu_add_29_37_Y_u_alu_add_18_37_Y_u_alu_sub_19_37_g1005/Y -       S0->Y  F     MXI2XLHVT         1  0.7    40    39    1626    (-,-) 
  u_alu_add_53_36_Y_u_alu_add_29_37_Y_u_alu_add_18_37_Y_u_alu_sub_19_37_g987/CO -       CI->CO F     ADDFXL            1  0.7    12    46    1672    (-,-) 
  u_alu_add_53_36_Y_u_alu_add_29_37_Y_u_alu_add_18_37_Y_u_alu_sub_19_37_g986/CO -       CI->CO F     ADDFXL            1  0.7    12    40    1712    (-,-) 
  u_alu_add_53_36_Y_u_alu_add_29_37_Y_u_alu_add_18_37_Y_u_alu_sub_19_37_g985/CO -       CI->CO F     ADDFXL            1  0.7    12    40    1752    (-,-) 
  u_alu_add_53_36_Y_u_alu_add_29_37_Y_u_alu_add_18_37_Y_u_alu_sub_19_37_g984/CO -       CI->CO F     ADDFXL            1  0.7    12    40    1793    (-,-) 
  u_alu_add_53_36_Y_u_alu_add_29_37_Y_u_alu_add_18_37_Y_u_alu_sub_19_37_g983/CO -       CI->CO F     ADDFX1            1  0.7    12    43    1836    (-,-) 
  u_alu_add_53_36_Y_u_alu_add_29_37_Y_u_alu_add_18_37_Y_u_alu_sub_19_37_g982/CO -       CI->CO F     ADDFX1            1  0.7    12    43    1879    (-,-) 
  u_alu_add_53_36_Y_u_alu_add_29_37_Y_u_alu_add_18_37_Y_u_alu_sub_19_37_g981/CO -       CI->CO F     ADDFX1            1  0.7    12    43    1922    (-,-) 
  u_alu_add_53_36_Y_u_alu_add_29_37_Y_u_alu_add_18_37_Y_u_alu_sub_19_37_g980/CO -       CI->CO F     ADDFX1            1  0.7    12    43    1966    (-,-) 
  u_alu_add_53_36_Y_u_alu_add_29_37_Y_u_alu_add_18_37_Y_u_alu_sub_19_37_g979/CO -       CI->CO F     ADDFX1            1  0.7    12    43    2009    (-,-) 
  u_alu_add_53_36_Y_u_alu_add_29_37_Y_u_alu_add_18_37_Y_u_alu_sub_19_37_g978/CO -       CI->CO F     ADDFX1            1  0.7    12    43    2052    (-,-) 
  u_alu_add_53_36_Y_u_alu_add_29_37_Y_u_alu_add_18_37_Y_u_alu_sub_19_37_g977/CO -       CI->CO F     ADDFXL            1  0.7    12    40    2093    (-,-) 
  u_alu_add_53_36_Y_u_alu_add_29_37_Y_u_alu_add_18_37_Y_u_alu_sub_19_37_g976/CO -       CI->CO F     ADDFXL            1  0.7    12    40    2133    (-,-) 
  u_alu_add_53_36_Y_u_alu_add_29_37_Y_u_alu_add_18_37_Y_u_alu_sub_19_37_g975/CO -       CI->CO F     ADDFXL            1  0.7    12    40    2173    (-,-) 
  u_alu_add_53_36_Y_u_alu_add_29_37_Y_u_alu_add_18_37_Y_u_alu_sub_19_37_g974/CO -       CI->CO F     ADDFX1            1  0.7    12    43    2216    (-,-) 
  u_alu_add_53_36_Y_u_alu_add_29_37_Y_u_alu_add_18_37_Y_u_alu_sub_19_37_g973/CO -       CI->CO F     ADDFX1            1  0.7    12    43    2259    (-,-) 
  u_alu_add_53_36_Y_u_alu_add_29_37_Y_u_alu_add_18_37_Y_u_alu_sub_19_37_g972/CO -       CI->CO F     ADDFXL            1  0.7    12    40    2300    (-,-) 
  u_alu_add_53_36_Y_u_alu_add_29_37_Y_u_alu_add_18_37_Y_u_alu_sub_19_37_g971/CO -       CI->CO F     ADDFXL            1  0.7    12    40    2340    (-,-) 
  u_alu_add_53_36_Y_u_alu_add_29_37_Y_u_alu_add_18_37_Y_u_alu_sub_19_37_g970/CO -       CI->CO F     ADDFXL            1  0.7    12    40    2380    (-,-) 
  u_alu_add_53_36_Y_u_alu_add_29_37_Y_u_alu_add_18_37_Y_u_alu_sub_19_37_g969/CO -       CI->CO F     ADDFXL            1  0.7    12    40    2420    (-,-) 
  u_alu_add_53_36_Y_u_alu_add_29_37_Y_u_alu_add_18_37_Y_u_alu_sub_19_37_g968/CO -       CI->CO F     ADDFX1            1  0.7    12    43    2463    (-,-) 
  u_alu_add_53_36_Y_u_alu_add_29_37_Y_u_alu_add_18_37_Y_u_alu_sub_19_37_g967/CO -       CI->CO F     ADDFXL            1  0.7    12    40    2503    (-,-) 
  u_alu_add_53_36_Y_u_alu_add_29_37_Y_u_alu_add_18_37_Y_u_alu_sub_19_37_g966/CO -       CI->CO F     ADDFXL            1  0.7    12    40    2544    (-,-) 
  u_alu_add_53_36_Y_u_alu_add_29_37_Y_u_alu_add_18_37_Y_u_alu_sub_19_37_g965/CO -       CI->CO F     ADDFX1            1  0.7    12    43    2587    (-,-) 
  u_alu_add_53_36_Y_u_alu_add_29_37_Y_u_alu_add_18_37_Y_u_alu_sub_19_37_g964/CO -       CI->CO F     ADDFX1            1  0.7    12    43    2630    (-,-) 
  u_alu_add_53_36_Y_u_alu_add_29_37_Y_u_alu_add_18_37_Y_u_alu_sub_19_37_g963/CO -       CI->CO F     ADDFXL            1  0.7    12    40    2670    (-,-) 
  u_alu_add_53_36_Y_u_alu_add_29_37_Y_u_alu_add_18_37_Y_u_alu_sub_19_37_g962/CO -       CI->CO F     ADDFXL            1  0.7    12    40    2710    (-,-) 
  u_alu_add_53_36_Y_u_alu_add_29_37_Y_u_alu_add_18_37_Y_u_alu_sub_19_37_g961/CO -       CI->CO F     ADDFXL            1  0.7    12    40    2750    (-,-) 
  u_alu_add_53_36_Y_u_alu_add_29_37_Y_u_alu_add_18_37_Y_u_alu_sub_19_37_g960/CO -       CI->CO F     ADDFXL            1  0.7    12    40    2791    (-,-) 
  u_alu_add_53_36_Y_u_alu_add_29_37_Y_u_alu_add_18_37_Y_u_alu_sub_19_37_g959/CO -       CI->CO F     ADDFXL            1  0.7    12    40    2831    (-,-) 
  u_alu_add_53_36_Y_u_alu_add_29_37_Y_u_alu_add_18_37_Y_u_alu_sub_19_37_g958/CO -       CI->CO F     ADDFX1            1  0.7    12    43    2874    (-,-) 
  u_alu_add_53_36_Y_u_alu_add_29_37_Y_u_alu_add_18_37_Y_u_alu_sub_19_37_g957/CO -       CI->CO F     ADDFXL            1  0.4     8    38    2912    (-,-) 
  u_alu_add_53_36_Y_u_alu_add_29_37_Y_u_alu_add_18_37_Y_u_alu_sub_19_37_g956/Y  -       B->Y   F     XNOR2XLHVT        1  0.2     8    34    2946    (-,-) 
  g28641/Y                                                                      -       C1->Y  R     AOI222XL          1  0.3    58    26    2972    (-,-) 
  g28510/Y                                                                      -       D->Y   F     NAND4XL           2  0.2    34    38    3010    (-,-) 
  dmem_addr[31]                                                                 <<<     -      F     (port)            -    -     -     0    3010    (-,-) 
#----------------------------------------------------------------------------------------------------------------------------------------------------------
